WARNING: All log messages before absl::InitializeLog() is called are written to STDERR
I0000 00:00:1790539929.970871    4910 port.cc:153] oneDNN custom operations are on. You may see slightly different numerical results due to floating-point round-off errors from different computation orders. To turn them off, set the environment variable `TF_ENABLE_ONEDNN_OPTS=0`.
WARNING: All log messages before absl::InitializeLog() is called are written to STDERR
I0000 00:00:1790539931.710641    4910 port.cc:153] oneDNN custom operations are on. You may see slightly different numerical results due to floating-point round-off errors from different computation orders. To turn them off, set the environment variable `TF_ENABLE_ONEDNN_OPTS=0`.
=== paper ===
  CNN: 21 epochs, 10.6 min
  CNN_BiLSTM: 23 epochs, 13.1 min
saved paper
=== leaky ===
  CNN: 25 epochs, 13.2 min
WARNING:tensorflow:5 out of the last 6 calls to <function TensorFlowTrainer.make_predict_function.<locals>.one_step_on_data_distributed at 0x7f1c402fe700> triggered tf.function retracing. Tracing is expensive and the excessive number of tracings could be due to (1) creating @tf.function repeatedly in a loop, (2) passing tensors with different shapes, (3) passing Python objects instead of tensors. For (1), please define your @tf.function outside of the loop. For (2), @tf.function has reduce_retracing=True option that can avoid unnecessary retracing. For (3), please refer to https://www.tensorflow.org/guide/function#controlling_retracing and https://www.tensorflow.org/api_docs/python/tf/function for  more details.
WARNING:tensorflow:6 out of the last 8 calls to <function TensorFlowTrainer.make_predict_function.<locals>.one_step_on_data_distributed at 0x7f1c402fe700> triggered tf.function retracing. Tracing is expensive and the excessive number of tracings could be due to (1) creating @tf.function repeatedly in a loop, (2) passing tensors with different shapes, (3) passing Python objects instead of tensors. For (1), please define your @tf.function outside of the loop. For (2), @tf.function has reduce_retracing=True option that can avoid unnecessary retracing. For (3), please refer to https://www.tensorflow.org/guide/function#controlling_retracing and https://www.tensorflow.org/api_docs/python/tf/function for  more details.
  CNN_BiLSTM: 29 epochs, 16.7 min
saved leaky
=== speaker ===
  CNN: 24 epochs, 10.6 min
  CNN_BiLSTM: 26 epochs, 13.1 min
speaker fold 0 done
  CNN: 18 epochs, 7.7 min
  CNN_BiLSTM: 24 epochs, 11.7 min
speaker fold 1 done
  CNN: 27 epochs, 11.9 min
  CNN_BiLSTM: 23 epochs, 10.7 min
speaker fold 2 done
  CNN: 23 epochs, 9.3 min
  CNN_BiLSTM: 18 epochs, 8.8 min
speaker fold 3 done
saved speaker
=== cross ===
  CNN: 14 epochs, 7.4 min
  CNN_BiLSTM: 16 epochs, 9.9 min
ravdess_to_tess done
  CNN: 10 epochs, 11.0 min
  CNN_BiLSTM: 9 epochs, 11.0 min
tess_to_ravdess done
saved cross
=== ablation ===
  CNN: 18 epochs, 11.1 min
ablation no_zcr done
  CNN: 24 epochs, 11.8 min
ablation no_rms done
  CNN: 20 epochs, 4.5 min
ablation no_mfcc done
  CNN: 14 epochs, 4.4 min
ablation no_chroma done
  CNN: 19 epochs, 5.6 min
ablation mfcc_only done
  CNN: 9 epochs, 1.2 min
ablation no_augmentation done
saved ablation
